// Jest Snapshot v1, https://goo.gl/fbAQLP

exports[`Test Header component should validate the Header component 1`] = `
<nav
  className="makeStyles-root-1"
  id="header"
>
  <header
    className="MuiPaper-root MuiAppBar-root MuiAppBar-positionStatic MuiAppBar-colorDefault MuiPaper-elevation4"
  >
    <div
      className="MuiToolbar-root MuiToolbar-regular MuiToolbar-gutters"
    >
      <img
        alt="Level Up Logo"
        className="makeStyles-logo-2"
        data-testid="logo"
        src="logo.png"
      />
    </div>
  </header>
</nav>
`;
