// Jest Snapshot v1, https://goo.gl/fbAQLP

exports[`Test Header component should validate the Header component 1`] = `
<nav
  className="navbar navbar-expand navbar-light bg-light fixed-top"
>
  <a
    className="navbar-brand"
    href="#home"
  >
    <img
      alt="Level Up Logo"
      className=""
      data-testid="logo"
      height="48"
      src="logo.png"
    />
  </a>
</nav>
`;
