// Jest Snapshot v1, https://goo.gl/fbAQLP

exports[`Test Body component should validate the component 1`] = `
Array [
  <img
    alt="Star Wars Banner"
    data-testid="banner"
    src="banner.png"
    width="100%"
  />,
  <div
    style={
      Object {
        "background": "black",
        "color": "white",
        "fontSize": "larger",
        "padding": "10px 30px",
        "width": "100%",
      }
    }
  >
    <div
      className="row"
    >
      <div
        className="col-9"
        style={
          Object {
            "padding": "10px 0px",
          }
        }
      >
        Are you looking for cards for other game cards? check our catalog 
        <a
          href="{#}"
          style={
            Object {
              "color": "#2d963f",
              "fontWeight": "bold",
            }
          }
        >
          here
        </a>
      </div>
      <div
        className="col-3"
        style={
          Object {
            "textAlign": "right",
          }
        }
      >
        <a
          href="https://www.youtube.com/watch?v=3gPu9pp2WOM"
          style={
            Object {
              "color": "#2d963f",
              "fontWeight": "bold",
            }
          }
        >
          How to play 
          <img
            alt="Video Logo"
            data-testid="youtubeVideo"
            height="48"
            src="youtubeVideoImage.png"
          />
        </a>
      </div>
    </div>
  </div>,
  <div
    style={
      Object {
        "paddingBottom": 50,
        "paddingLeft": 100,
        "paddingRight": 100,
        "paddingTop": 30,
      }
    }
  >
    <div
      className="card-deck"
    >
      <div
        className="col-lg-3 col-md-4 col-sm-6 col-12"
      >
        <div
          style={
            Object {
              "paddingBottom": 15,
              "paddingTop": 10,
            }
          }
        >
          <div
            className="card"
          >
            <div
              className="card-body"
            >
              <img
                className="card-img-top"
                src="https://swdestinydb.com/bundles/cards/en/01/01001.jpg"
              />
            </div>
          </div>
        </div>
      </div>
      <div
        className="col-lg-3 col-md-4 col-sm-6 col-12"
      >
        <div
          style={
            Object {
              "paddingBottom": 15,
              "paddingTop": 10,
            }
          }
        >
          <div
            className="card"
          >
            <div
              className="card-body"
            >
              <img
                className="card-img-top"
                src="https://swdestinydb.com/bundles/cards/en/01/01002.jpg"
              />
            </div>
          </div>
        </div>
      </div>
      <div
        className="col-lg-3 col-md-4 col-sm-6 col-12"
      >
        <div
          style={
            Object {
              "paddingBottom": 15,
              "paddingTop": 10,
            }
          }
        >
          <div
            className="card"
          >
            <div
              className="card-body"
            >
              <img
                className="card-img-top"
                src="https://swdestinydb.com/bundles/cards/en/01/01003.jpg"
              />
            </div>
          </div>
        </div>
      </div>
      <div
        className="col-lg-3 col-md-4 col-sm-6 col-12"
      >
        <div
          style={
            Object {
              "paddingBottom": 15,
              "paddingTop": 10,
            }
          }
        >
          <div
            className="card"
          >
            <div
              className="card-body"
            >
              <img
                className="card-img-top"
                src="https://swdestinydb.com/bundles/cards/en/01/01004.jpg"
              />
            </div>
          </div>
        </div>
      </div>
      <div
        className="col-lg-3 col-md-4 col-sm-6 col-12"
      >
        <div
          style={
            Object {
              "paddingBottom": 15,
              "paddingTop": 10,
            }
          }
        >
          <div
            className="card"
          >
            <div
              className="card-body"
            >
              <img
                className="card-img-top"
                src="https://swdestinydb.com/bundles/cards/en/01/01005.jpg"
              />
            </div>
          </div>
        </div>
      </div>
      <div
        className="col-lg-3 col-md-4 col-sm-6 col-12"
      >
        <div
          style={
            Object {
              "paddingBottom": 15,
              "paddingTop": 10,
            }
          }
        >
          <div
            className="card"
          >
            <div
              className="card-body"
            >
              <img
                className="card-img-top"
                src="https://swdestinydb.com/bundles/cards/en/01/01006.jpg"
              />
            </div>
          </div>
        </div>
      </div>
      <div
        className="col-lg-3 col-md-4 col-sm-6 col-12"
      >
        <div
          style={
            Object {
              "paddingBottom": 15,
              "paddingTop": 10,
            }
          }
        >
          <div
            className="card"
          >
            <div
              className="card-body"
            >
              <img
                className="card-img-top"
                src="https://swdestinydb.com/bundles/cards/en/01/01007.jpg"
              />
            </div>
          </div>
        </div>
      </div>
      <div
        className="col-lg-3 col-md-4 col-sm-6 col-12"
      >
        <div
          style={
            Object {
              "paddingBottom": 15,
              "paddingTop": 10,
            }
          }
        >
          <div
            className="card"
          >
            <div
              className="card-body"
            >
              <img
                className="card-img-top"
                src="https://swdestinydb.com/bundles/cards/en/01/01008.jpg"
              />
            </div>
          </div>
        </div>
      </div>
      <div
        className="col-lg-3 col-md-4 col-sm-6 col-12"
      >
        <div
          style={
            Object {
              "paddingBottom": 15,
              "paddingTop": 10,
            }
          }
        >
          <div
            className="card"
          >
            <div
              className="card-body"
            >
              <img
                className="card-img-top"
                src="https://swdestinydb.com/bundles/cards/en/01/01009.jpg"
              />
            </div>
          </div>
        </div>
      </div>
      <div
        className="col-lg-3 col-md-4 col-sm-6 col-12"
      >
        <div
          style={
            Object {
              "paddingBottom": 15,
              "paddingTop": 10,
            }
          }
        >
          <div
            className="card"
          >
            <div
              className="card-body"
            >
              <img
                className="card-img-top"
                src="https://swdestinydb.com/bundles/cards/en/01/01010.jpg"
              />
            </div>
          </div>
        </div>
      </div>
      <div
        className="col-lg-3 col-md-4 col-sm-6 col-12"
      >
        <div
          style={
            Object {
              "paddingBottom": 15,
              "paddingTop": 10,
            }
          }
        >
          <div
            className="card"
          >
            <div
              className="card-body"
            >
              <img
                className="card-img-top"
                src="https://swdestinydb.com/bundles/cards/en/01/01011.jpg"
              />
            </div>
          </div>
        </div>
      </div>
      <div
        className="col-lg-3 col-md-4 col-sm-6 col-12"
      >
        <div
          style={
            Object {
              "paddingBottom": 15,
              "paddingTop": 10,
            }
          }
        >
          <div
            className="card"
          >
            <div
              className="card-body"
            >
              <img
                className="card-img-top"
                src="https://swdestinydb.com/bundles/cards/en/01/01012.jpg"
              />
            </div>
          </div>
        </div>
      </div>
    </div>
  </div>,
]
`;
