// Jest Snapshot v1, https://goo.gl/fbAQLP

exports[`Product Card component should render successfully 1`] = `
<div
  style={
    Object {
      "paddingBottom": 15,
      "paddingTop": 10,
    }
  }
>
  <div
    className="card"
  >
    <div
      className="card-body"
    >
      <span
        className=" lazy-load-image-background blur"
        style={
          Object {
            "backgroundImage": "",
            "backgroundSize": "",
            "color": "transparent",
            "display": "inline-block",
            "height": undefined,
            "width": "100%",
          }
        }
      >
        <span
          className=""
          style={
            Object {
              "display": "inline-block",
              "width": "100%",
            }
          }
        />
      </span>
    </div>
  </div>
</div>
`;
