// Jest Snapshot v1, https://goo.gl/fbAQLP

exports[`Top Message component Should validate the component 1`] = `
<div
  style={
    Object {
      "background": "black",
      "color": "white",
      "fontSize": "larger",
      "padding": "10px 30px",
      "width": "100%",
    }
  }
>
  <div
    className="row"
  >
    <div
      className="col-9"
      style={
        Object {
          "padding": "10px 0px",
        }
      }
    >
      Are you looking for cards for other game cards? check our catalog 
      <a
        href="{#}"
        style={
          Object {
            "color": "#2d963f",
            "fontWeight": "bold",
          }
        }
      >
        here
      </a>
    </div>
    <div
      className="col-3"
      style={
        Object {
          "textAlign": "right",
        }
      }
    >
      <a
        href="https://www.youtube.com/watch?v=3gPu9pp2WOM"
        style={
          Object {
            "color": "#2d963f",
            "fontWeight": "bold",
          }
        }
      >
        How to play 
        <img
          alt="Video Logo"
          data-testid="youtubeVideo"
          height="48"
          src="youtubeVideoImage.png"
        />
      </a>
    </div>
  </div>
</div>
`;
